Archive member included to satisfy reference by file (symbol)

c:/program files (x86)/gnu arm embedded toolchain/102021/bin/../lib/gcc/arm-none-eabi/10.3.1/thumb/v7e-m+fp/hard\libgcc.a(_arm_muldf3.o)
                              _build/printf.o (__aeabi_dmul)
c:/program files (x86)/gnu arm embedded toolchain/102021/bin/../lib/gcc/arm-none-eabi/10.3.1/thumb/v7e-m+fp/hard\libgcc.a(_arm_addsubdf3.o)
                              _build/printf.o (__aeabi_dsub)
c:/program files (x86)/gnu arm embedded toolchain/102021/bin/../lib/gcc/arm-none-eabi/10.3.1/thumb/v7e-m+fp/hard\libgcc.a(_arm_cmpdf2.o)
                              _build/printf.o (__aeabi_dcmpeq)
c:/program files (x86)/gnu arm embedded toolchain/102021/bin/../lib/gcc/arm-none-eabi/10.3.1/thumb/v7e-m+fp/hard\libgcc.a(_arm_fixdfsi.o)
                              _build/printf.o (__aeabi_d2iz)
c:/program files (x86)/gnu arm embedded toolchain/102021/bin/../lib/gcc/arm-none-eabi/10.3.1/thumb/v7e-m+fp/hard\libgcc.a(_arm_fixunsdfsi.o)
                              _build/printf.o (__aeabi_d2uiz)
c:/program files (x86)/gnu arm embedded toolchain/102021/bin/../lib/gcc/arm-none-eabi/10.3.1/thumb/v7e-m+fp/hard\libgcc.a(_aeabi_uldivmod.o)
                              _build/printf.o (__aeabi_uldivmod)
c:/program files (x86)/gnu arm embedded toolchain/102021/bin/../lib/gcc/arm-none-eabi/10.3.1/thumb/v7e-m+fp/hard\libgcc.a(_udivmoddi4.o)
                              c:/program files (x86)/gnu arm embedded toolchain/102021/bin/../lib/gcc/arm-none-eabi/10.3.1/thumb/v7e-m+fp/hard\libgcc.a(_aeabi_uldivmod.o) (__udivmoddi4)
c:/program files (x86)/gnu arm embedded toolchain/102021/bin/../lib/gcc/arm-none-eabi/10.3.1/thumb/v7e-m+fp/hard\libgcc.a(_dvmd_tls.o)
                              c:/program files (x86)/gnu arm embedded toolchain/102021/bin/../lib/gcc/arm-none-eabi/10.3.1/thumb/v7e-m+fp/hard\libgcc.a(_aeabi_uldivmod.o) (__aeabi_ldiv0)

Discarded input sections

 .group         0x00000000        0xc _build/startup.o
 .group         0x00000000        0xc _build/startup.o
 .group         0x00000000        0xc _build/startup.o
 .group         0x00000000        0xc _build/startup.o
 .group         0x00000000        0xc _build/startup.o
 .group         0x00000000        0xc _build/startup.o
 .group         0x00000000        0xc _build/startup.o
 .group         0x00000000        0xc _build/startup.o
 .group         0x00000000        0xc _build/startup.o
 .group         0x00000000        0xc _build/startup.o
 .group         0x00000000        0xc _build/startup.o
 .group         0x00000000        0xc _build/startup.o
 .group         0x00000000        0xc _build/startup.o
 .group         0x00000000        0xc _build/startup.o
 .group         0x00000000        0xc _build/startup.o
 .data          0x00000000        0x0 _build/startup.o
 .bss           0x00000000        0x0 _build/startup.o
 .group         0x00000000        0xc _build/main.o
 .group         0x00000000        0xc _build/main.o
 .group         0x00000000        0xc _build/main.o
 .group         0x00000000        0xc _build/main.o
 .group         0x00000000        0xc _build/main.o
 .group         0x00000000        0xc _build/main.o
 .group         0x00000000        0xc _build/main.o
 .group         0x00000000        0xc _build/main.o
 .group         0x00000000        0xc _build/main.o
 .group         0x00000000        0xc _build/main.o
 .group         0x00000000        0xc _build/main.o
 .group         0x00000000        0xc _build/main.o
 .group         0x00000000        0xc _build/main.o
 .group         0x00000000        0xc _build/main.o
 .group         0x00000000        0xc _build/main.o
 .group         0x00000000        0xc _build/main.o
 .group         0x00000000        0xc _build/main.o
 .group         0x00000000        0xc _build/main.o
 .group         0x00000000        0xc _build/main.o
 .group         0x00000000        0xc _build/main.o
 .group         0x00000000        0xc _build/main.o
 .group         0x00000000        0xc _build/main.o
 .group         0x00000000        0xc _build/main.o
 .group         0x00000000        0xc _build/main.o
 .group         0x00000000        0xc _build/main.o
 .group         0x00000000        0xc _build/main.o
 .group         0x00000000        0xc _build/main.o
 .group         0x00000000        0xc _build/main.o
 .group         0x00000000        0xc _build/main.o
 .group         0x00000000        0xc _build/main.o
 .group         0x00000000        0xc _build/main.o
 .group         0x00000000        0xc _build/main.o
 .group         0x00000000        0xc _build/main.o
 .group         0x00000000        0xc _build/main.o
 .group         0x00000000        0xc _build/main.o
 .group         0x00000000        0xc _build/main.o
 .group         0x00000000        0xc _build/main.o
 .group         0x00000000        0xc _build/main.o
 .group         0x00000000        0xc _build/main.o
 .group         0x00000000        0xc _build/main.o
 .group         0x00000000        0xc _build/main.o
 .group         0x00000000        0xc _build/main.o
 .group         0x00000000        0xc _build/main.o
 .group         0x00000000        0xc _build/main.o
 .group         0x00000000        0xc _build/main.o
 .group         0x00000000        0xc _build/main.o
 .group         0x00000000        0xc _build/main.o
 .group         0x00000000        0xc _build/main.o
 .group         0x00000000        0xc _build/main.o
 .group         0x00000000        0xc _build/main.o
 .group         0x00000000        0xc _build/main.o
 .group         0x00000000        0xc _build/main.o
 .group         0x00000000        0xc _build/main.o
 .group         0x00000000        0xc _build/main.o
 .group         0x00000000        0xc _build/main.o
 .group         0x00000000        0xc _build/main.o
 .group         0x00000000        0xc _build/main.o
 .group         0x00000000        0xc _build/main.o
 .group         0x00000000        0xc _build/main.o
 .group         0x00000000        0xc _build/main.o
 .group         0x00000000        0xc _build/main.o
 .group         0x00000000        0xc _build/main.o
 .group         0x00000000        0xc _build/main.o
 .group         0x00000000        0xc _build/main.o
 .group         0x00000000        0xc _build/main.o
 .group         0x00000000        0xc _build/main.o
 .group         0x00000000        0xc _build/main.o
 .group         0x00000000        0xc _build/main.o
 .group         0x00000000        0xc _build/main.o
 .data          0x00000000        0x0 _build/main.o
 .bss           0x00000000        0x0 _build/main.o
 .debug_macro   0x00000000      0xa72 _build/main.o
 .debug_macro   0x00000000       0x3b _build/main.o
 .debug_macro   0x00000000       0x22 _build/main.o
 .debug_macro   0x00000000       0x8e _build/main.o
 .debug_macro   0x00000000       0x51 _build/main.o
 .debug_macro   0x00000000      0x103 _build/main.o
 .debug_macro   0x00000000       0x6a _build/main.o
 .debug_macro   0x00000000      0x1df _build/main.o
 .debug_macro   0x00000000       0x1c _build/main.o
 .debug_macro   0x00000000       0x22 _build/main.o
 .debug_macro   0x00000000       0xfb _build/main.o
 .debug_macro   0x00000000     0x1011 _build/main.o
 .debug_macro   0x00000000      0x11f _build/main.o
 .debug_macro   0x00000000      0x410 _build/main.o
 .debug_macro   0x00000000    0x10d6b _build/main.o
 .group         0x00000000        0xc _build/printf.o
 .group         0x00000000        0xc _build/printf.o
 .group         0x00000000        0xc _build/printf.o
 .group         0x00000000        0xc _build/printf.o
 .group         0x00000000        0xc _build/printf.o
 .group         0x00000000        0xc _build/printf.o
 .group         0x00000000        0xc _build/printf.o
 .group         0x00000000        0xc _build/printf.o
 .group         0x00000000        0xc _build/printf.o
 .group         0x00000000        0xc _build/printf.o
 .group         0x00000000        0xc _build/printf.o
 .data          0x00000000        0x0 _build/printf.o
 .bss           0x00000000        0x0 _build/printf.o
 .debug_macro   0x00000000      0xa72 _build/printf.o
 .debug_macro   0x00000000       0x22 _build/printf.o
 .debug_macro   0x00000000       0x22 _build/printf.o
 .debug_macro   0x00000000       0x8e _build/printf.o
 .debug_macro   0x00000000       0x51 _build/printf.o
 .debug_macro   0x00000000      0x103 _build/printf.o
 .debug_macro   0x00000000       0x6a _build/printf.o
 .debug_macro   0x00000000      0x1df _build/printf.o
 .debug_macro   0x00000000      0x174 _build/printf.o
 .debug_macro   0x00000000       0x1c _build/printf.o
 .group         0x00000000        0xc _build/uart.o
 .group         0x00000000        0xc _build/uart.o
 .group         0x00000000        0xc _build/uart.o
 .group         0x00000000        0xc _build/uart.o
 .group         0x00000000        0xc _build/uart.o
 .group         0x00000000        0xc _build/uart.o
 .group         0x00000000        0xc _build/uart.o
 .group         0x00000000        0xc _build/uart.o
 .group         0x00000000        0xc _build/uart.o
 .group         0x00000000        0xc _build/uart.o
 .group         0x00000000        0xc _build/uart.o
 .group         0x00000000        0xc _build/uart.o
 .group         0x00000000        0xc _build/uart.o
 .group         0x00000000        0xc _build/uart.o
 .group         0x00000000        0xc _build/uart.o
 .group         0x00000000        0xc _build/uart.o
 .group         0x00000000        0xc _build/uart.o
 .group         0x00000000        0xc _build/uart.o
 .group         0x00000000        0xc _build/uart.o
 .group         0x00000000        0xc _build/uart.o
 .group         0x00000000        0xc _build/uart.o
 .group         0x00000000        0xc _build/uart.o
 .group         0x00000000        0xc _build/uart.o
 .group         0x00000000        0xc _build/uart.o
 .group         0x00000000        0xc _build/uart.o
 .group         0x00000000        0xc _build/uart.o
 .group         0x00000000        0xc _build/uart.o
 .group         0x00000000        0xc _build/uart.o
 .group         0x00000000        0xc _build/uart.o
 .group         0x00000000        0xc _build/uart.o
 .group         0x00000000        0xc _build/uart.o
 .group         0x00000000        0xc _build/uart.o
 .group         0x00000000        0xc _build/uart.o
 .group         0x00000000        0xc _build/uart.o
 .group         0x00000000        0xc _build/uart.o
 .group         0x00000000        0xc _build/uart.o
 .group         0x00000000        0xc _build/uart.o
 .group         0x00000000        0xc _build/uart.o
 .group         0x00000000        0xc _build/uart.o
 .group         0x00000000        0xc _build/uart.o
 .group         0x00000000        0xc _build/uart.o
 .group         0x00000000        0xc _build/uart.o
 .group         0x00000000        0xc _build/uart.o
 .group         0x00000000        0xc _build/uart.o
 .group         0x00000000        0xc _build/uart.o
 .group         0x00000000        0xc _build/uart.o
 .group         0x00000000        0xc _build/uart.o
 .group         0x00000000        0xc _build/uart.o
 .group         0x00000000        0xc _build/uart.o
 .group         0x00000000        0xc _build/uart.o
 .group         0x00000000        0xc _build/uart.o
 .group         0x00000000        0xc _build/uart.o
 .group         0x00000000        0xc _build/uart.o
 .group         0x00000000        0xc _build/uart.o
 .group         0x00000000        0xc _build/uart.o
 .group         0x00000000        0xc _build/uart.o
 .group         0x00000000        0xc _build/uart.o
 .group         0x00000000        0xc _build/uart.o
 .group         0x00000000        0xc _build/uart.o
 .group         0x00000000        0xc _build/uart.o
 .group         0x00000000        0xc _build/uart.o
 .group         0x00000000        0xc _build/uart.o
 .group         0x00000000        0xc _build/uart.o
 .group         0x00000000        0xc _build/uart.o
 .data          0x00000000        0x0 _build/uart.o
 .debug_macro   0x00000000      0xa72 _build/uart.o
 .debug_macro   0x00000000       0x3b _build/uart.o
 .debug_macro   0x00000000       0x22 _build/uart.o
 .debug_macro   0x00000000       0x8e _build/uart.o
 .debug_macro   0x00000000       0x51 _build/uart.o
 .debug_macro   0x00000000      0x103 _build/uart.o
 .debug_macro   0x00000000       0x6a _build/uart.o
 .debug_macro   0x00000000      0x1df _build/uart.o
 .debug_macro   0x00000000       0x1c _build/uart.o
 .debug_macro   0x00000000       0x22 _build/uart.o
 .debug_macro   0x00000000       0xfb _build/uart.o
 .debug_macro   0x00000000     0x1011 _build/uart.o
 .debug_macro   0x00000000      0x11f _build/uart.o
 .debug_macro   0x00000000      0x410 _build/uart.o
 .debug_macro   0x00000000    0x10d6b _build/uart.o
 .debug_macro   0x00000000     0x1fc2 _build/uart.o
 .debug_macro   0x00000000      0x174 _build/uart.o
 .debug_macro   0x00000000       0x22 _build/uart.o
 .debug_macro   0x00000000       0x22 _build/uart.o
 .debug_macro   0x00000000      0xa65 _build/uart.o
 .debug_macro   0x00000000       0x96 _build/uart.o
 .debug_macro   0x00000000       0x40 _build/uart.o
 .debug_macro   0x00000000      0x462 _build/uart.o
 .debug_macro   0x00000000       0x59 _build/uart.o
 .debug_macro   0x00000000      0x154 _build/uart.o
 .debug_macro   0x00000000       0x16 _build/uart.o
 .debug_macro   0x00000000      0x16d _build/uart.o
 .debug_macro   0x00000000      0x7bc _build/uart.o
 .debug_macro   0x00000000       0x3f _build/uart.o
 .debug_macro   0x00000000       0x64 _build/uart.o
 .debug_macro   0x00000000       0x1e _build/uart.o
 .debug_macro   0x00000000       0x35 _build/uart.o
 .debug_macro   0x00000000       0x34 _build/uart.o
 .debug_macro   0x00000000       0x16 _build/uart.o
 .debug_macro   0x00000000       0x35 _build/uart.o
 .debug_macro   0x00000000      0x341 _build/uart.o
 .debug_macro   0x00000000       0x10 _build/uart.o
 .debug_macro   0x00000000       0x16 _build/uart.o
 .debug_macro   0x00000000       0x43 _build/uart.o
 .debug_macro   0x00000000       0x34 _build/uart.o
 .debug_macro   0x00000000       0x10 _build/uart.o
 .debug_macro   0x00000000       0x58 _build/uart.o
 .debug_macro   0x00000000      0x182 _build/uart.o
 .debug_macro   0x00000000       0x10 _build/uart.o
 .debug_macro   0x00000000       0x1c _build/uart.o
 .debug_macro   0x00000000       0x52 _build/uart.o
 .debug_macro   0x00000000       0x22 _build/uart.o
 .debug_macro   0x00000000       0x10 _build/uart.o
 .debug_macro   0x00000000       0x52 _build/uart.o
 .debug_macro   0x00000000       0xd5 _build/uart.o
 .debug_macro   0x00000000       0x1c _build/uart.o
 .debug_macro   0x00000000       0x3d _build/uart.o
 .debug_macro   0x00000000       0x16 _build/uart.o
 .debug_macro   0x00000000      0x16f _build/uart.o
 .debug_macro   0x00000000       0x8e _build/uart.o
 .debug_macro   0x00000000       0xad _build/uart.o
 .debug_macro   0x00000000       0x49 _build/uart.o
 .debug_macro   0x00000000       0x8c _build/uart.o
 .debug_macro   0x00000000       0x19 _build/uart.o
 .debug_macro   0x00000000       0x1d _build/uart.o
 .debug_macro   0x00000000       0x35 _build/uart.o
 .debug_macro   0x00000000       0x7b _build/uart.o
 .debug_macro   0x00000000       0x64 _build/uart.o
 .debug_macro   0x00000000       0x20 _build/uart.o
 .group         0x00000000        0xc _build/spim.o
 .group         0x00000000        0xc _build/spim.o
 .group         0x00000000        0xc _build/spim.o
 .group         0x00000000        0xc _build/spim.o
 .group         0x00000000        0xc _build/spim.o
 .group         0x00000000        0xc _build/spim.o
 .group         0x00000000        0xc _build/spim.o
 .group         0x00000000        0xc _build/spim.o
 .group         0x00000000        0xc _build/spim.o
 .group         0x00000000        0xc _build/spim.o
 .group         0x00000000        0xc _build/spim.o
 .group         0x00000000        0xc _build/spim.o
 .group         0x00000000        0xc _build/spim.o
 .group         0x00000000        0xc _build/spim.o
 .group         0x00000000        0xc _build/spim.o
 .group         0x00000000        0xc _build/spim.o
 .group         0x00000000        0xc _build/spim.o
 .group         0x00000000        0xc _build/spim.o
 .group         0x00000000        0xc _build/spim.o
 .group         0x00000000        0xc _build/spim.o
 .group         0x00000000        0xc _build/spim.o
 .group         0x00000000        0xc _build/spim.o
 .group         0x00000000        0xc _build/spim.o
 .group         0x00000000        0xc _build/spim.o
 .group         0x00000000        0xc _build/spim.o
 .group         0x00000000        0xc _build/spim.o
 .group         0x00000000        0xc _build/spim.o
 .group         0x00000000        0xc _build/spim.o
 .group         0x00000000        0xc _build/spim.o
 .group         0x00000000        0xc _build/spim.o
 .group         0x00000000        0xc _build/spim.o
 .group         0x00000000        0xc _build/spim.o
 .group         0x00000000        0xc _build/spim.o
 .group         0x00000000        0xc _build/spim.o
 .group         0x00000000        0xc _build/spim.o
 .group         0x00000000        0xc _build/spim.o
 .group         0x00000000        0xc _build/spim.o
 .group         0x00000000        0xc _build/spim.o
 .group         0x00000000        0xc _build/spim.o
 .group         0x00000000        0xc _build/spim.o
 .group         0x00000000        0xc _build/spim.o
 .group         0x00000000        0xc _build/spim.o
 .group         0x00000000        0xc _build/spim.o
 .group         0x00000000        0xc _build/spim.o
 .group         0x00000000        0xc _build/spim.o
 .group         0x00000000        0xc _build/spim.o
 .group         0x00000000        0xc _build/spim.o
 .group         0x00000000        0xc _build/spim.o
 .group         0x00000000        0xc _build/spim.o
 .group         0x00000000        0xc _build/spim.o
 .group         0x00000000        0xc _build/spim.o
 .group         0x00000000        0xc _build/spim.o
 .group         0x00000000        0xc _build/spim.o
 .group         0x00000000        0xc _build/spim.o
 .group         0x00000000        0xc _build/spim.o
 .group         0x00000000        0xc _build/spim.o
 .group         0x00000000        0xc _build/spim.o
 .group         0x00000000        0xc _build/spim.o
 .group         0x00000000        0xc _build/spim.o
 .group         0x00000000        0xc _build/spim.o
 .group         0x00000000        0xc _build/spim.o
 .group         0x00000000        0xc _build/spim.o
 .group         0x00000000        0xc _build/spim.o
 .group         0x00000000        0xc _build/spim.o
 .group         0x00000000        0xc _build/spim.o
 .group         0x00000000        0xc _build/spim.o
 .group         0x00000000        0xc _build/spim.o
 .group         0x00000000        0xc _build/spim.o
 .data          0x00000000        0x0 _build/spim.o
 .debug_macro   0x00000000      0xa72 _build/spim.o
 .debug_macro   0x00000000       0x10 _build/spim.o
 .debug_macro   0x00000000       0x22 _build/spim.o
 .debug_macro   0x00000000       0x8e _build/spim.o
 .debug_macro   0x00000000       0x51 _build/spim.o
 .debug_macro   0x00000000      0x103 _build/spim.o
 .debug_macro   0x00000000       0x6a _build/spim.o
 .debug_macro   0x00000000      0x1df _build/spim.o
 .debug_macro   0x00000000       0x3b _build/spim.o
 .debug_macro   0x00000000       0x1c _build/spim.o
 .debug_macro   0x00000000       0x22 _build/spim.o
 .debug_macro   0x00000000       0xfb _build/spim.o
 .debug_macro   0x00000000     0x1011 _build/spim.o
 .debug_macro   0x00000000      0x11f _build/spim.o
 .debug_macro   0x00000000      0x410 _build/spim.o
 .debug_macro   0x00000000    0x10d6b _build/spim.o
 .debug_macro   0x00000000     0x1fc2 _build/spim.o
 .debug_macro   0x00000000      0x174 _build/spim.o
 .debug_macro   0x00000000       0x22 _build/spim.o
 .debug_macro   0x00000000       0x22 _build/spim.o
 .debug_macro   0x00000000      0xa65 _build/spim.o
 .debug_macro   0x00000000       0x96 _build/spim.o
 .debug_macro   0x00000000       0x40 _build/spim.o
 .debug_macro   0x00000000      0x462 _build/spim.o
 .debug_macro   0x00000000       0x59 _build/spim.o
 .debug_macro   0x00000000      0x154 _build/spim.o
 .debug_macro   0x00000000       0x16 _build/spim.o
 .debug_macro   0x00000000      0x16d _build/spim.o
 .debug_macro   0x00000000      0x7bc _build/spim.o
 .debug_macro   0x00000000       0x3f _build/spim.o
 .debug_macro   0x00000000       0x64 _build/spim.o
 .debug_macro   0x00000000       0x1e _build/spim.o
 .debug_macro   0x00000000       0x35 _build/spim.o
 .debug_macro   0x00000000       0x34 _build/spim.o
 .debug_macro   0x00000000       0x16 _build/spim.o
 .debug_macro   0x00000000       0x35 _build/spim.o
 .debug_macro   0x00000000      0x341 _build/spim.o
 .debug_macro   0x00000000       0x10 _build/spim.o
 .debug_macro   0x00000000       0x16 _build/spim.o
 .debug_macro   0x00000000       0x43 _build/spim.o
 .debug_macro   0x00000000       0x34 _build/spim.o
 .debug_macro   0x00000000       0x10 _build/spim.o
 .debug_macro   0x00000000       0x58 _build/spim.o
 .debug_macro   0x00000000      0x182 _build/spim.o
 .debug_macro   0x00000000       0x10 _build/spim.o
 .debug_macro   0x00000000       0x1c _build/spim.o
 .debug_macro   0x00000000       0x52 _build/spim.o
 .debug_macro   0x00000000       0x22 _build/spim.o
 .debug_macro   0x00000000       0x10 _build/spim.o
 .debug_macro   0x00000000       0x52 _build/spim.o
 .debug_macro   0x00000000       0xd5 _build/spim.o
 .debug_macro   0x00000000       0x1c _build/spim.o
 .debug_macro   0x00000000       0x3d _build/spim.o
 .debug_macro   0x00000000       0x16 _build/spim.o
 .debug_macro   0x00000000      0x16f _build/spim.o
 .debug_macro   0x00000000       0x8e _build/spim.o
 .debug_macro   0x00000000       0xad _build/spim.o
 .debug_macro   0x00000000       0x49 _build/spim.o
 .debug_macro   0x00000000       0x8c _build/spim.o
 .debug_macro   0x00000000       0x19 _build/spim.o
 .debug_macro   0x00000000       0x1d _build/spim.o
 .debug_macro   0x00000000       0x35 _build/spim.o
 .debug_macro   0x00000000       0x7b _build/spim.o
 .debug_macro   0x00000000       0x64 _build/spim.o
 .debug_macro   0x00000000       0x20 _build/spim.o
 .debug_macro   0x00000000       0x4c _build/spim.o
 .debug_macro   0x00000000       0x1c _build/spim.o
 .group         0x00000000        0xc _build/i2c.o
 .group         0x00000000        0xc _build/i2c.o
 .group         0x00000000        0xc _build/i2c.o
 .group         0x00000000        0xc _build/i2c.o
 .group         0x00000000        0xc _build/i2c.o
 .group         0x00000000        0xc _build/i2c.o
 .group         0x00000000        0xc _build/i2c.o
 .group         0x00000000        0xc _build/i2c.o
 .group         0x00000000        0xc _build/i2c.o
 .group         0x00000000        0xc _build/i2c.o
 .group         0x00000000        0xc _build/i2c.o
 .group         0x00000000        0xc _build/i2c.o
 .group         0x00000000        0xc _build/i2c.o
 .group         0x00000000        0xc _build/i2c.o
 .group         0x00000000        0xc _build/i2c.o
 .group         0x00000000        0xc _build/i2c.o
 .group         0x00000000        0xc _build/i2c.o
 .group         0x00000000        0xc _build/i2c.o
 .group         0x00000000        0xc _build/i2c.o
 .group         0x00000000        0xc _build/i2c.o
 .group         0x00000000        0xc _build/i2c.o
 .group         0x00000000        0xc _build/i2c.o
 .group         0x00000000        0xc _build/i2c.o
 .group         0x00000000        0xc _build/i2c.o
 .group         0x00000000        0xc _build/i2c.o
 .group         0x00000000        0xc _build/i2c.o
 .group         0x00000000        0xc _build/i2c.o
 .group         0x00000000        0xc _build/i2c.o
 .group         0x00000000        0xc _build/i2c.o
 .group         0x00000000        0xc _build/i2c.o
 .group         0x00000000        0xc _build/i2c.o
 .group         0x00000000        0xc _build/i2c.o
 .group         0x00000000        0xc _build/i2c.o
 .group         0x00000000        0xc _build/i2c.o
 .group         0x00000000        0xc _build/i2c.o
 .group         0x00000000        0xc _build/i2c.o
 .group         0x00000000        0xc _build/i2c.o
 .group         0x00000000        0xc _build/i2c.o
 .group         0x00000000        0xc _build/i2c.o
 .group         0x00000000        0xc _build/i2c.o
 .group         0x00000000        0xc _build/i2c.o
 .group         0x00000000        0xc _build/i2c.o
 .group         0x00000000        0xc _build/i2c.o
 .group         0x00000000        0xc _build/i2c.o
 .group         0x00000000        0xc _build/i2c.o
 .group         0x00000000        0xc _build/i2c.o
 .group         0x00000000        0xc _build/i2c.o
 .group         0x00000000        0xc _build/i2c.o
 .group         0x00000000        0xc _build/i2c.o
 .group         0x00000000        0xc _build/i2c.o
 .group         0x00000000        0xc _build/i2c.o
 .group         0x00000000        0xc _build/i2c.o
 .group         0x00000000        0xc _build/i2c.o
 .group         0x00000000        0xc _build/i2c.o
 .group         0x00000000        0xc _build/i2c.o
 .group         0x00000000        0xc _build/i2c.o
 .group         0x00000000        0xc _build/i2c.o
 .group         0x00000000        0xc _build/i2c.o
 .group         0x00000000        0xc _build/i2c.o
 .group         0x00000000        0xc _build/i2c.o
 .group         0x00000000        0xc _build/i2c.o
 .group         0x00000000        0xc _build/i2c.o
 .group         0x00000000        0xc _build/i2c.o
 .group         0x00000000        0xc _build/i2c.o
 .group         0x00000000        0xc _build/i2c.o
 .group         0x00000000        0xc _build/i2c.o
 .group         0x00000000        0xc _build/i2c.o
 .group         0x00000000        0xc _build/i2c.o
 .text          0x00000000      0x114 _build/i2c.o
 .data          0x00000000        0x0 _build/i2c.o
 .bss           0x00000000        0x0 _build/i2c.o
 .debug_info    0x00000000      0x5ca _build/i2c.o
 .debug_abbrev  0x00000000      0x145 _build/i2c.o
 .debug_aranges
                0x00000000       0x20 _build/i2c.o
 .debug_macro   0x00000000      0x3d2 _build/i2c.o
 .debug_macro   0x00000000      0xa72 _build/i2c.o
 .debug_macro   0x00000000       0x10 _build/i2c.o
 .debug_macro   0x00000000       0x22 _build/i2c.o
 .debug_macro   0x00000000       0x8e _build/i2c.o
 .debug_macro   0x00000000       0x51 _build/i2c.o
 .debug_macro   0x00000000      0x103 _build/i2c.o
 .debug_macro   0x00000000       0x6a _build/i2c.o
 .debug_macro   0x00000000      0x1df _build/i2c.o
 .debug_macro   0x00000000       0x3b _build/i2c.o
 .debug_macro   0x00000000       0x1c _build/i2c.o
 .debug_macro   0x00000000       0x22 _build/i2c.o
 .debug_macro   0x00000000       0xfb _build/i2c.o
 .debug_macro   0x00000000     0x1011 _build/i2c.o
 .debug_macro   0x00000000      0x11f _build/i2c.o
 .debug_macro   0x00000000      0x410 _build/i2c.o
 .debug_macro   0x00000000    0x10d6b _build/i2c.o
 .debug_macro   0x00000000     0x1fc2 _build/i2c.o
 .debug_macro   0x00000000      0x174 _build/i2c.o
 .debug_macro   0x00000000       0x22 _build/i2c.o
 .debug_macro   0x00000000       0x22 _build/i2c.o
 .debug_macro   0x00000000      0xa65 _build/i2c.o
 .debug_macro   0x00000000       0x96 _build/i2c.o
 .debug_macro   0x00000000       0x40 _build/i2c.o
 .debug_macro   0x00000000      0x462 _build/i2c.o
 .debug_macro   0x00000000       0x59 _build/i2c.o
 .debug_macro   0x00000000      0x154 _build/i2c.o
 .debug_macro   0x00000000       0x16 _build/i2c.o
 .debug_macro   0x00000000      0x16d _build/i2c.o
 .debug_macro   0x00000000      0x7bc _build/i2c.o
 .debug_macro   0x00000000       0x3f _build/i2c.o
 .debug_macro   0x00000000       0x64 _build/i2c.o
 .debug_macro   0x00000000       0x1e _build/i2c.o
 .debug_macro   0x00000000       0x35 _build/i2c.o
 .debug_macro   0x00000000       0x34 _build/i2c.o
 .debug_macro   0x00000000       0x16 _build/i2c.o
 .debug_macro   0x00000000       0x35 _build/i2c.o
 .debug_macro   0x00000000      0x341 _build/i2c.o
 .debug_macro   0x00000000       0x10 _build/i2c.o
 .debug_macro   0x00000000       0x16 _build/i2c.o
 .debug_macro   0x00000000       0x43 _build/i2c.o
 .debug_macro   0x00000000       0x34 _build/i2c.o
 .debug_macro   0x00000000       0x10 _build/i2c.o
 .debug_macro   0x00000000       0x58 _build/i2c.o
 .debug_macro   0x00000000      0x182 _build/i2c.o
 .debug_macro   0x00000000       0x10 _build/i2c.o
 .debug_macro   0x00000000       0x1c _build/i2c.o
 .debug_macro   0x00000000       0x52 _build/i2c.o
 .debug_macro   0x00000000       0x22 _build/i2c.o
 .debug_macro   0x00000000       0x10 _build/i2c.o
 .debug_macro   0x00000000       0x52 _build/i2c.o
 .debug_macro   0x00000000       0xd5 _build/i2c.o
 .debug_macro   0x00000000       0x1c _build/i2c.o
 .debug_macro   0x00000000       0x3d _build/i2c.o
 .debug_macro   0x00000000       0x16 _build/i2c.o
 .debug_macro   0x00000000      0x16f _build/i2c.o
 .debug_macro   0x00000000       0x8e _build/i2c.o
 .debug_macro   0x00000000       0xad _build/i2c.o
 .debug_macro   0x00000000       0x49 _build/i2c.o
 .debug_macro   0x00000000       0x8c _build/i2c.o
 .debug_macro   0x00000000       0x19 _build/i2c.o
 .debug_macro   0x00000000       0x1d _build/i2c.o
 .debug_macro   0x00000000       0x35 _build/i2c.o
 .debug_macro   0x00000000       0x7b _build/i2c.o
 .debug_macro   0x00000000       0x64 _build/i2c.o
 .debug_macro   0x00000000       0x20 _build/i2c.o
 .debug_macro   0x00000000       0x1c _build/i2c.o
 .debug_macro   0x00000000       0x4c _build/i2c.o
 .debug_macro   0x00000000       0x1c _build/i2c.o
 .debug_line    0x00000000      0x7fb _build/i2c.o
 .debug_str     0x00000000    0x8d467 _build/i2c.o
 .comment       0x00000000       0x4a _build/i2c.o
 .debug_frame   0x00000000       0x80 _build/i2c.o
 .ARM.attributes
                0x00000000       0x34 _build/i2c.o
 .data          0x00000000        0x0 c:/program files (x86)/gnu arm embedded toolchain/102021/bin/../lib/gcc/arm-none-eabi/10.3.1/thumb/v7e-m+fp/hard\libgcc.a(_arm_muldf3.o)
 .bss           0x00000000        0x0 c:/program files (x86)/gnu arm embedded toolchain/102021/bin/../lib/gcc/arm-none-eabi/10.3.1/thumb/v7e-m+fp/hard\libgcc.a(_arm_muldf3.o)
 .data          0x00000000        0x0 c:/program files (x86)/gnu arm embedded toolchain/102021/bin/../lib/gcc/arm-none-eabi/10.3.1/thumb/v7e-m+fp/hard\libgcc.a(_arm_addsubdf3.o)
 .bss           0x00000000        0x0 c:/program files (x86)/gnu arm embedded toolchain/102021/bin/../lib/gcc/arm-none-eabi/10.3.1/thumb/v7e-m+fp/hard\libgcc.a(_arm_addsubdf3.o)
 .data          0x00000000        0x0 c:/program files (x86)/gnu arm embedded toolchain/102021/bin/../lib/gcc/arm-none-eabi/10.3.1/thumb/v7e-m+fp/hard\libgcc.a(_arm_cmpdf2.o)
 .bss           0x00000000        0x0 c:/program files (x86)/gnu arm embedded toolchain/102021/bin/../lib/gcc/arm-none-eabi/10.3.1/thumb/v7e-m+fp/hard\libgcc.a(_arm_cmpdf2.o)
 .data          0x00000000        0x0 c:/program files (x86)/gnu arm embedded toolchain/102021/bin/../lib/gcc/arm-none-eabi/10.3.1/thumb/v7e-m+fp/hard\libgcc.a(_arm_fixdfsi.o)
 .bss           0x00000000        0x0 c:/program files (x86)/gnu arm embedded toolchain/102021/bin/../lib/gcc/arm-none-eabi/10.3.1/thumb/v7e-m+fp/hard\libgcc.a(_arm_fixdfsi.o)
 .data          0x00000000        0x0 c:/program files (x86)/gnu arm embedded toolchain/102021/bin/../lib/gcc/arm-none-eabi/10.3.1/thumb/v7e-m+fp/hard\libgcc.a(_arm_fixunsdfsi.o)
 .bss           0x00000000        0x0 c:/program files (x86)/gnu arm embedded toolchain/102021/bin/../lib/gcc/arm-none-eabi/10.3.1/thumb/v7e-m+fp/hard\libgcc.a(_arm_fixunsdfsi.o)
 .data          0x00000000        0x0 c:/program files (x86)/gnu arm embedded toolchain/102021/bin/../lib/gcc/arm-none-eabi/10.3.1/thumb/v7e-m+fp/hard\libgcc.a(_aeabi_uldivmod.o)
 .bss           0x00000000        0x0 c:/program files (x86)/gnu arm embedded toolchain/102021/bin/../lib/gcc/arm-none-eabi/10.3.1/thumb/v7e-m+fp/hard\libgcc.a(_aeabi_uldivmod.o)
 .data          0x00000000        0x0 c:/program files (x86)/gnu arm embedded toolchain/102021/bin/../lib/gcc/arm-none-eabi/10.3.1/thumb/v7e-m+fp/hard\libgcc.a(_udivmoddi4.o)
 .bss           0x00000000        0x0 c:/program files (x86)/gnu arm embedded toolchain/102021/bin/../lib/gcc/arm-none-eabi/10.3.1/thumb/v7e-m+fp/hard\libgcc.a(_udivmoddi4.o)
 .ARM.extab     0x00000000        0x0 c:/program files (x86)/gnu arm embedded toolchain/102021/bin/../lib/gcc/arm-none-eabi/10.3.1/thumb/v7e-m+fp/hard\libgcc.a(_udivmoddi4.o)
 .ARM.exidx     0x00000000        0x8 c:/program files (x86)/gnu arm embedded toolchain/102021/bin/../lib/gcc/arm-none-eabi/10.3.1/thumb/v7e-m+fp/hard\libgcc.a(_udivmoddi4.o)
 .data          0x00000000        0x0 c:/program files (x86)/gnu arm embedded toolchain/102021/bin/../lib/gcc/arm-none-eabi/10.3.1/thumb/v7e-m+fp/hard\libgcc.a(_dvmd_tls.o)
 .bss           0x00000000        0x0 c:/program files (x86)/gnu arm embedded toolchain/102021/bin/../lib/gcc/arm-none-eabi/10.3.1/thumb/v7e-m+fp/hard\libgcc.a(_dvmd_tls.o)

Memory Configuration

Name             Origin             Length             Attributes
FLASH            0x00000000         0x00100000         xr
RAM              0x20000000         0x00040000         xrw
*default*        0x00000000         0xffffffff

Linker script and memory map

LOAD _build/startup.o
LOAD _build/main.o
LOAD _build/printf.o
LOAD _build/uart.o
LOAD _build/spim.o
LOAD _build/i2c.o
LOAD c:/program files (x86)/gnu arm embedded toolchain/102021/bin/../lib/gcc/arm-none-eabi/10.3.1/../../../../arm-none-eabi/lib/thumb/v7e-m+fp/hard\libc_nano.a
LOAD c:/program files (x86)/gnu arm embedded toolchain/102021/bin/../lib/gcc/arm-none-eabi/10.3.1/../../../../arm-none-eabi/lib/thumb/v7e-m+fp/hard\libnosys.a
LOAD c:/program files (x86)/gnu arm embedded toolchain/102021/bin/../lib/gcc/arm-none-eabi/10.3.1/../../../../arm-none-eabi/lib/thumb/v7e-m+fp/hard\libm.a
START GROUP
LOAD c:/program files (x86)/gnu arm embedded toolchain/102021/bin/../lib/gcc/arm-none-eabi/10.3.1/thumb/v7e-m+fp/hard\libgcc.a
LOAD c:/program files (x86)/gnu arm embedded toolchain/102021/bin/../lib/gcc/arm-none-eabi/10.3.1/../../../../arm-none-eabi/lib/thumb/v7e-m+fp/hard\libg_nano.a
LOAD c:/program files (x86)/gnu arm embedded toolchain/102021/bin/../lib/gcc/arm-none-eabi/10.3.1/../../../../arm-none-eabi/lib/thumb/v7e-m+fp/hard\libc_nano.a
END GROUP
START GROUP
LOAD c:/program files (x86)/gnu arm embedded toolchain/102021/bin/../lib/gcc/arm-none-eabi/10.3.1/thumb/v7e-m+fp/hard\libgcc.a
LOAD c:/program files (x86)/gnu arm embedded toolchain/102021/bin/../lib/gcc/arm-none-eabi/10.3.1/../../../../arm-none-eabi/lib/thumb/v7e-m+fp/hard\libc_nano.a
END GROUP

.isr_vector     0x00000000      0x100
                0x00000000                . = ALIGN (0x4)
                0x00000000                _isr_vector_start = .
 *(.isr_vector)
 .isr_vector    0x00000000      0x100 _build/startup.o
                0x00000000                vectors
                0x00000100                . = ALIGN (0x4)
                0x00000100                _isr_vector_end = .

.text           0x00000100     0x2388
                0x00000100                . = ALIGN (0x4)
 *(.text)
 .text          0x00000100       0x9c _build/startup.o
                0x00000100                TIMER2_IRQHandler
                0x00000100                DebugMon_Handler
                0x00000100                RTC0_IRQHandler
                0x00000100                SWI0_EGU0_IRQHandler
                0x00000100                HardFault_Handler
                0x00000100                SWI2_EGU2_IRQHandler
                0x00000100                SysTick_Handler
                0x00000100                GPIOTE_IRQHandler
                0x00000100                QSPI_IRQHandler
                0x00000100                PWM1_IRQHandler
                0x00000100                PendSV_Handler
                0x00000100                NMI_Handler
                0x00000100                POWER_CLOCK_IRQHandler
                0x00000100                RADIO_IRQHandler
                0x00000100                PDM_IRQHandler
                0x00000100                TEMP_IRQHandler
                0x00000100                QDEC_IRQHandler
                0x00000100                TIMER3_IRQHandler
                0x00000100                PWM3_IRQHandler
                0x00000100                FPU_IRQHandler
                0x00000100                USBD_IRQHandler
                0x00000100                MWU_IRQHandler
                0x00000100                SPIM0_SPIS0_TWIM0_TWIS0_SPI0_TWI0_IRQHandler
                0x00000100                UsageFault_Handler
                0x00000100                TIMER4_IRQHandler
                0x00000100                CRYPTOCELL_IRQHandler
                0x00000100                I2S_IRQHandler
                0x00000100                SWI4_EGU4_IRQHandler
                0x00000100                TIMER0_IRQHandler
                0x00000100                UARTE1_IRQHandler
                0x00000100                TIMER1_IRQHandler
                0x00000100                SPIM3_IRQHandler
                0x00000100                PWM2_IRQHandler
                0x00000100                ECB_IRQHandler
                0x00000100                SPIM1_SPIS1_TWIM1_TWIS1_SPI1_TWI1_IRQHandler
                0x00000100                Default_Handler
                0x00000100                SAADC_IRQHandler
                0x00000100                MemManage_Handler
                0x00000100                CCM_AAR_IRQHandler
                0x00000100                WDT_IRQHandler
                0x00000100                SVC_Handler
                0x00000100                SWI5_EGU5_IRQHandler
                0x00000100                RNG_IRQHandler
                0x00000100                RTC2_IRQHandler
                0x00000100                PWM0_IRQHandler
                0x00000100                SWI3_EGU3_IRQHandler
                0x00000100                RTC1_IRQHandler
                0x00000100                SWI1_EGU1_IRQHandler
                0x00000100                SPIM2_SPIS2_SPI2_IRQHandler
                0x00000100                NFCT_IRQHandler
                0x00000100                BusFault_Handler
                0x00000100                COMP_LPCOMP_IRQHandler
                0x00000108                enable_fpu
                0x00000138                c_startup
 .text          0x0000019c      0x150 _build/main.o
                0x000001f8                blink_init
                0x000002b8                main
 *fill*         0x000002ec        0x4 
 .text          0x000002f0     0x1418 _build/printf.o
                0x000015f0                printf_
                0x00001628                sprintf_
                0x00001660                snprintf_
                0x00001698                vsnprintf_
                0x000016c4                fctprintf
 .text          0x00001708      0x158 _build/uart.o
                0x0000178e                uart_init
                0x000017d0                UARTE0_UART0_IRQHandler
                0x00001800                _putchar
 .text          0x00001860      0x150 _build/spim.o
                0x00001860                assign_value_to_reg
                0x00001880                spi_init
                0x00001900                spi_transceive
                0x00001964                spi_test
 .text          0x000019b0      0x254 c:/program files (x86)/gnu arm embedded toolchain/102021/bin/../lib/gcc/arm-none-eabi/10.3.1/thumb/v7e-m+fp/hard\libgcc.a(_arm_muldf3.o)
                0x000019b0                __muldf3
                0x000019b0                __aeabi_dmul
 .text          0x00001c04      0x378 c:/program files (x86)/gnu arm embedded toolchain/102021/bin/../lib/gcc/arm-none-eabi/10.3.1/thumb/v7e-m+fp/hard\libgcc.a(_arm_addsubdf3.o)
                0x00001c04                __aeabi_drsub
                0x00001c0c                __aeabi_dsub
                0x00001c0c                __subdf3
                0x00001c10                __aeabi_dadd
                0x00001c10                __adddf3
                0x00001e88                __floatunsidf
                0x00001e88                __aeabi_ui2d
                0x00001ea8                __floatsidf
                0x00001ea8                __aeabi_i2d
                0x00001ecc                __aeabi_f2d
                0x00001ecc                __extendsfdf2
                0x00001f10                __floatundidf
                0x00001f10                __aeabi_ul2d
                0x00001f20                __floatdidf
                0x00001f20                __aeabi_l2d
 .text          0x00001f7c      0x110 c:/program files (x86)/gnu arm embedded toolchain/102021/bin/../lib/gcc/arm-none-eabi/10.3.1/thumb/v7e-m+fp/hard\libgcc.a(_arm_cmpdf2.o)
                0x00001f7c                __gtdf2
                0x00001f7c                __gedf2
                0x00001f84                __ltdf2
                0x00001f84                __ledf2
                0x00001f8c                __nedf2
                0x00001f8c                __eqdf2
                0x00001f8c                __cmpdf2
                0x00002008                __aeabi_cdrcmple
                0x00002018                __aeabi_cdcmpeq
                0x00002018                __aeabi_cdcmple
                0x00002028                __aeabi_dcmpeq
                0x0000203c                __aeabi_dcmplt
                0x00002050                __aeabi_dcmple
                0x00002064                __aeabi_dcmpge
                0x00002078                __aeabi_dcmpgt
 .text          0x0000208c       0x50 c:/program files (x86)/gnu arm embedded toolchain/102021/bin/../lib/gcc/arm-none-eabi/10.3.1/thumb/v7e-m+fp/hard\libgcc.a(_arm_fixdfsi.o)
                0x0000208c                __aeabi_d2iz
                0x0000208c                __fixdfsi
 .text          0x000020dc       0x40 c:/program files (x86)/gnu arm embedded toolchain/102021/bin/../lib/gcc/arm-none-eabi/10.3.1/thumb/v7e-m+fp/hard\libgcc.a(_arm_fixunsdfsi.o)
                0x000020dc                __aeabi_d2uiz
                0x000020dc                __fixunsdfsi
 .text          0x0000211c       0x30 c:/program files (x86)/gnu arm embedded toolchain/102021/bin/../lib/gcc/arm-none-eabi/10.3.1/thumb/v7e-m+fp/hard\libgcc.a(_aeabi_uldivmod.o)
                0x0000211c                __aeabi_uldivmod
 .text          0x0000214c      0x2d0 c:/program files (x86)/gnu arm embedded toolchain/102021/bin/../lib/gcc/arm-none-eabi/10.3.1/thumb/v7e-m+fp/hard\libgcc.a(_udivmoddi4.o)
                0x0000214c                __udivmoddi4
 .text          0x0000241c        0x4 c:/program files (x86)/gnu arm embedded toolchain/102021/bin/../lib/gcc/arm-none-eabi/10.3.1/thumb/v7e-m+fp/hard\libgcc.a(_dvmd_tls.o)
                0x0000241c                __aeabi_idiv0
                0x0000241c                __aeabi_ldiv0
 *(.text.*)
 *(.rodata)
 .rodata        0x00002420       0x16 _build/main.o
 *fill*         0x00002436        0x2 
 .rodata        0x00002438       0x50 _build/printf.o
 *(.rodata*)
                0x00002488                . = ALIGN (0x4)
                0x00002488                _etext = .

.glue_7         0x00002488        0x0
 .glue_7        0x00002488        0x0 linker stubs

.glue_7t        0x00002488        0x0
 .glue_7t       0x00002488        0x0 linker stubs

.vfp11_veneer   0x00002488        0x0
 .vfp11_veneer  0x00002488        0x0 linker stubs

.v4_bx          0x00002488        0x0
 .v4_bx         0x00002488        0x0 linker stubs

.iplt           0x00002488        0x0
 .iplt          0x00002488        0x0 _build/startup.o

.rel.dyn        0x00002488        0x0
 .rel.iplt      0x00002488        0x0 _build/startup.o

.data           0x20000000        0x0 load address 0x00002488
                0x20000000                . = ALIGN (0x4)
                0x20000000                _sdata = .
 *(.data)
 *(.data.*)
                0x20000000                _edata = .

.igot.plt       0x20000000        0x0
 .igot.plt      0x20000000        0x0 _build/startup.o

.bss            0x20000000       0x84
                0x20000000                . = ALIGN (0x4)
                0x20000000                _sbss = .
 *(.bss)
 .bss           0x20000000        0x1 _build/uart.o
 *fill*         0x20000001        0x3 
 .bss           0x20000004       0x80 _build/spim.o
 *(COMMON)
                0x20000084                . = ALIGN (0x4)
                0x20000084                _ebss = .

/DISCARD/
 *(.ARM.exidx*)
 *(.gnu.linkonce.armexidx.*)
OUTPUT(_build/build.elf elf32-littlearm)
LOAD linker stubs

.debug_info     0x00000000     0x2a04
 .debug_info    0x00000000      0x366 _build/startup.o
 .debug_info    0x00000366      0xa13 _build/main.o
 .debug_info    0x00000d79      0xc1b _build/printf.o
 .debug_info    0x00001994      0x8d0 _build/uart.o
 .debug_info    0x00002264      0x7a0 _build/spim.o

.debug_abbrev   0x00000000      0x844
 .debug_abbrev  0x00000000      0x159 _build/startup.o
 .debug_abbrev  0x00000159      0x18a _build/main.o
 .debug_abbrev  0x000002e3      0x210 _build/printf.o
 .debug_abbrev  0x000004f3      0x1c4 _build/uart.o
 .debug_abbrev  0x000006b7      0x18d _build/spim.o

.debug_aranges  0x00000000       0xa0
 .debug_aranges
                0x00000000       0x20 _build/startup.o
 .debug_aranges
                0x00000020       0x20 _build/main.o
 .debug_aranges
                0x00000040       0x20 _build/printf.o
 .debug_aranges
                0x00000060       0x20 _build/uart.o
 .debug_aranges
                0x00000080       0x20 _build/spim.o

.debug_macro    0x00000000    0x18b81
 .debug_macro   0x00000000       0xce _build/startup.o
 .debug_macro   0x000000ce      0xa72 _build/startup.o
 .debug_macro   0x00000b40       0x3b _build/startup.o
 .debug_macro   0x00000b7b       0x22 _build/startup.o
 .debug_macro   0x00000b9d       0x8e _build/startup.o
 .debug_macro   0x00000c2b       0x51 _build/startup.o
 .debug_macro   0x00000c7c      0x103 _build/startup.o
 .debug_macro   0x00000d7f       0x6a _build/startup.o
 .debug_macro   0x00000de9      0x1df _build/startup.o
 .debug_macro   0x00000fc8       0x1c _build/startup.o
 .debug_macro   0x00000fe4       0x22 _build/startup.o
 .debug_macro   0x00001006       0xfb _build/startup.o
 .debug_macro   0x00001101     0x1011 _build/startup.o
 .debug_macro   0x00002112      0x11f _build/startup.o
 .debug_macro   0x00002231      0x410 _build/startup.o
 .debug_macro   0x00002641    0x10d6b _build/startup.o
 .debug_macro   0x000133ac      0x3e7 _build/main.o
 .debug_macro   0x00013793     0x1fc2 _build/main.o
 .debug_macro   0x00015755      0x174 _build/main.o
 .debug_macro   0x000158c9       0x22 _build/main.o
 .debug_macro   0x000158eb       0x22 _build/main.o
 .debug_macro   0x0001590d      0xa65 _build/main.o
 .debug_macro   0x00016372       0x96 _build/main.o
 .debug_macro   0x00016408       0x40 _build/main.o
 .debug_macro   0x00016448      0x462 _build/main.o
 .debug_macro   0x000168aa       0x59 _build/main.o
 .debug_macro   0x00016903      0x154 _build/main.o
 .debug_macro   0x00016a57       0x16 _build/main.o
 .debug_macro   0x00016a6d      0x16d _build/main.o
 .debug_macro   0x00016bda      0x7bc _build/main.o
 .debug_macro   0x00017396       0x3f _build/main.o
 .debug_macro   0x000173d5       0x64 _build/main.o
 .debug_macro   0x00017439       0x1e _build/main.o
 .debug_macro   0x00017457       0x35 _build/main.o
 .debug_macro   0x0001748c       0x34 _build/main.o
 .debug_macro   0x000174c0       0x16 _build/main.o
 .debug_macro   0x000174d6       0x35 _build/main.o
 .debug_macro   0x0001750b      0x341 _build/main.o
 .debug_macro   0x0001784c       0x10 _build/main.o
 .debug_macro   0x0001785c       0x16 _build/main.o
 .debug_macro   0x00017872       0x43 _build/main.o
 .debug_macro   0x000178b5       0x34 _build/main.o
 .debug_macro   0x000178e9       0x10 _build/main.o
 .debug_macro   0x000178f9       0x58 _build/main.o
 .debug_macro   0x00017951      0x182 _build/main.o
 .debug_macro   0x00017ad3       0x10 _build/main.o
 .debug_macro   0x00017ae3       0x1c _build/main.o
 .debug_macro   0x00017aff       0x52 _build/main.o
 .debug_macro   0x00017b51       0x22 _build/main.o
 .debug_macro   0x00017b73       0x10 _build/main.o
 .debug_macro   0x00017b83       0x52 _build/main.o
 .debug_macro   0x00017bd5       0xd5 _build/main.o
 .debug_macro   0x00017caa       0x1c _build/main.o
 .debug_macro   0x00017cc6       0x3d _build/main.o
 .debug_macro   0x00017d03       0x16 _build/main.o
 .debug_macro   0x00017d19      0x16f _build/main.o
 .debug_macro   0x00017e88       0x8e _build/main.o
 .debug_macro   0x00017f16       0xad _build/main.o
 .debug_macro   0x00017fc3       0x49 _build/main.o
 .debug_macro   0x0001800c       0x8c _build/main.o
 .debug_macro   0x00018098       0x19 _build/main.o
 .debug_macro   0x000180b1       0x1d _build/main.o
 .debug_macro   0x000180ce       0x35 _build/main.o
 .debug_macro   0x00018103       0x7b _build/main.o
 .debug_macro   0x0001817e       0x64 _build/main.o
 .debug_macro   0x000181e2       0x20 _build/main.o
 .debug_macro   0x00018202       0x22 _build/main.o
 .debug_macro   0x00018224       0x4c _build/main.o
 .debug_macro   0x00018270       0x1c _build/main.o
 .debug_macro   0x0001828c       0x10 _build/main.o
 .debug_macro   0x0001829c       0x10 _build/main.o
 .debug_macro   0x000182ac       0xed _build/printf.o
 .debug_macro   0x00018399       0x58 _build/printf.o
 .debug_macro   0x000183f1      0x39c _build/uart.o
 .debug_macro   0x0001878d      0x3d8 _build/spim.o
 .debug_macro   0x00018b65       0x1c _build/spim.o

.debug_line     0x00000000     0x264c
 .debug_line    0x00000000      0x33e _build/startup.o
 .debug_line    0x0000033e      0x85e _build/main.o
 .debug_line    0x00000b9c      0xadc _build/printf.o
 .debug_line    0x00001678      0x7d1 _build/uart.o
 .debug_line    0x00001e49      0x803 _build/spim.o

.debug_str      0x00000000    0x8bb3e
 .debug_str     0x00000000    0x70a3f _build/startup.o
                              0x7198e (size before relaxing)
 .debug_str     0x00070a3f    0x1a617 _build/main.o
                              0x8d613 (size before relaxing)
 .debug_str     0x0008b056      0x2d8 _build/printf.o
                               0x43e4 (size before relaxing)
 .debug_str     0x0008b32e      0x604 _build/uart.o
                              0x8d7bd (size before relaxing)
 .debug_str     0x0008b932      0x20c _build/spim.o
                              0x8d515 (size before relaxing)

.comment        0x00000000       0x49
 .comment       0x00000000       0x49 _build/startup.o
                                 0x4a (size before relaxing)
 .comment       0x00000049       0x4a _build/main.o
 .comment       0x00000049       0x4a _build/printf.o
 .comment       0x00000049       0x4a _build/uart.o
 .comment       0x00000049       0x4a _build/spim.o

.ARM.attributes
                0x00000000       0x34
 .ARM.attributes
                0x00000000       0x34 _build/startup.o
 .ARM.attributes
                0x00000034       0x34 _build/main.o
 .ARM.attributes
                0x00000068       0x34 _build/printf.o
 .ARM.attributes
                0x0000009c       0x34 _build/uart.o
 .ARM.attributes
                0x000000d0       0x34 _build/spim.o
 .ARM.attributes
                0x00000104       0x1e c:/program files (x86)/gnu arm embedded toolchain/102021/bin/../lib/gcc/arm-none-eabi/10.3.1/thumb/v7e-m+fp/hard\libgcc.a(_arm_muldf3.o)
 .ARM.attributes
                0x00000122       0x1e c:/program files (x86)/gnu arm embedded toolchain/102021/bin/../lib/gcc/arm-none-eabi/10.3.1/thumb/v7e-m+fp/hard\libgcc.a(_arm_addsubdf3.o)
 .ARM.attributes
                0x00000140       0x1e c:/program files (x86)/gnu arm embedded toolchain/102021/bin/../lib/gcc/arm-none-eabi/10.3.1/thumb/v7e-m+fp/hard\libgcc.a(_arm_cmpdf2.o)
 .ARM.attributes
                0x0000015e       0x1e c:/program files (x86)/gnu arm embedded toolchain/102021/bin/../lib/gcc/arm-none-eabi/10.3.1/thumb/v7e-m+fp/hard\libgcc.a(_arm_fixdfsi.o)
 .ARM.attributes
                0x0000017c       0x1e c:/program files (x86)/gnu arm embedded toolchain/102021/bin/../lib/gcc/arm-none-eabi/10.3.1/thumb/v7e-m+fp/hard\libgcc.a(_arm_fixunsdfsi.o)
 .ARM.attributes
                0x0000019a       0x1e c:/program files (x86)/gnu arm embedded toolchain/102021/bin/../lib/gcc/arm-none-eabi/10.3.1/thumb/v7e-m+fp/hard\libgcc.a(_aeabi_uldivmod.o)
 .ARM.attributes
                0x000001b8       0x34 c:/program files (x86)/gnu arm embedded toolchain/102021/bin/../lib/gcc/arm-none-eabi/10.3.1/thumb/v7e-m+fp/hard\libgcc.a(_udivmoddi4.o)
 .ARM.attributes
                0x000001ec       0x1e c:/program files (x86)/gnu arm embedded toolchain/102021/bin/../lib/gcc/arm-none-eabi/10.3.1/thumb/v7e-m+fp/hard\libgcc.a(_dvmd_tls.o)

.debug_frame    0x00000000      0x7e8
 .debug_frame   0x00000000       0x6c _build/startup.o
 .debug_frame   0x0000006c       0xa0 _build/main.o
 .debug_frame   0x0000010c      0x2fc _build/printf.o
 .debug_frame   0x00000408       0xf4 _build/uart.o
 .debug_frame   0x000004fc       0xa4 _build/spim.o
 .debug_frame   0x000005a0       0x30 c:/program files (x86)/gnu arm embedded toolchain/102021/bin/../lib/gcc/arm-none-eabi/10.3.1/thumb/v7e-m+fp/hard\libgcc.a(_arm_muldf3.o)
 .debug_frame   0x000005d0       0xac c:/program files (x86)/gnu arm embedded toolchain/102021/bin/../lib/gcc/arm-none-eabi/10.3.1/thumb/v7e-m+fp/hard\libgcc.a(_arm_addsubdf3.o)
 .debug_frame   0x0000067c       0xc4 c:/program files (x86)/gnu arm embedded toolchain/102021/bin/../lib/gcc/arm-none-eabi/10.3.1/thumb/v7e-m+fp/hard\libgcc.a(_arm_cmpdf2.o)
 .debug_frame   0x00000740       0x24 c:/program files (x86)/gnu arm embedded toolchain/102021/bin/../lib/gcc/arm-none-eabi/10.3.1/thumb/v7e-m+fp/hard\libgcc.a(_arm_fixdfsi.o)
 .debug_frame   0x00000764       0x24 c:/program files (x86)/gnu arm embedded toolchain/102021/bin/../lib/gcc/arm-none-eabi/10.3.1/thumb/v7e-m+fp/hard\libgcc.a(_arm_fixunsdfsi.o)
 .debug_frame   0x00000788       0x2c c:/program files (x86)/gnu arm embedded toolchain/102021/bin/../lib/gcc/arm-none-eabi/10.3.1/thumb/v7e-m+fp/hard\libgcc.a(_aeabi_uldivmod.o)
 .debug_frame   0x000007b4       0x34 c:/program files (x86)/gnu arm embedded toolchain/102021/bin/../lib/gcc/arm-none-eabi/10.3.1/thumb/v7e-m+fp/hard\libgcc.a(_udivmoddi4.o)
